// Jest Snapshot v1, https://goo.gl/fbAQLP

exports[`링크 1`] = `<p><a href="https://www.google.com">google</a></p>`;

exports[`복합 마크다운 변환 1`] = `
<h1>hello world</h1>
<h2>hi</h2>
<h2>foobar</h2>
<p>egg<br />ham<br />spam</p>
<p>link to <a href="http://google.com">Google</a></p>
`;

exports[`올바르지 않은 제목 문법 처리 1`] = `<p>#foo</p>`;

exports[`올바르지 않은 제목 문법 처리 2`] = `<p>foo<br />---=</p>`;

exports[`이미지 1`] = `<p><img src="https://unsplash.it/100" alt="random image" /></p>`;

exports[`줄바꿈 1`] = `<p>foo<br />bar</p>`;

exports[`줄바꿈 2`] = `
<p>foo</p>
<p>bar</p>
`;

exports[`줄바꿈 3`] = `<p>foo</p>`;
